// Jest Snapshot v1, https://goo.gl/fbAQLP

exports[`matches snapshot 1`] = `
<DocumentFragment>
  <div>
    <div
      class="MuiPaper-root MuiCard-root MuiPaper-elevation1 MuiPaper-rounded"
    >
      <div
        class="MuiCardHeader-root"
      >
        <div
          class="MuiCardHeader-content"
        />
      </div>
      <div
        class="MuiCardContent-root"
      >
        <p
          class="MuiTypography-root MuiTypography-body2"
        >
          Customer id: 
        </p>
        <p
          class="MuiTypography-root MuiTypography-body2"
        >
          Company: 
        </p>
        <p
          class="MuiTypography-root MuiTypography-body2"
        >
          Phone: 
        </p>
      </div>
      <div
        class="MuiCardActions-root MuiCardActions-spacing"
      >
        <a
          aria-disabled="false"
          class="MuiButtonBase-root MuiButton-root MuiButton-contained MuiButton-containedPrimary"
          href="/admin/customers/undefined"
          role="button"
          tabindex="0"
        >
          <span
            class="MuiButton-label"
          >
            Edit
          </span>
          <span
            class="MuiTouchRipple-root"
          />
        </a>
      </div>
    </div>
  </div>
</DocumentFragment>
`;
